REOMP:::  0:  =============================
REOMP:::  0:  ReOMP mode   : REOMP_MODE=1
REOMP:::  0:  ReOMP method : REOMP_METHOD=0
REOMP:::  0:  ReOMP profile level: REOMP_PROFILE is not defined
REOMP:::  0:  ReOMP dir    : REOMP_DIR=.
REOMP:::  0:  =============================
